// Jest Snapshot v1, https://goo.gl/fbAQLP

exports[`PostTemplate renders correctly 1`] = `
Array [
  <div
    className="headroom-wrapper"
    style={
      Object {
        "height": null,
      }
    }
  >
    <div
      className="headroom headroom--unfixed"
      style={
        Object {
          "MsTransform": "translate3D(0, 0, 0)",
          "WebkitTransform": "translate3D(0, 0, 0)",
          "left": 0,
          "position": "relative",
          "right": 0,
          "top": 0,
          "transform": "translate3D(0, 0, 0)",
          "zIndex": 1,
        }
      }
    >
      <div
        className="header"
      >
        <div
          className="desktop-only header__left"
        >
          <div
            className="author"
          >
            <div
              className="author__header"
            >
              <a
                className="author__header-photo"
                href="/"
              >
                <img
                  alt="Test name"
                  height={48}
                  src="/test.jpg"
                  width={48}
                />
              </a>
              <div
                className="author__header-right"
              >
                <h4
                  className="author__header-right-name"
                >
                  <a
                    className="author__header-right-name-link"
                    href="/"
                    rel="author"
                  >
                    Test name
                  </a>
                </h4>
              </div>
            </div>
          </div>
        </div>
        <div
          className="desktop-only header__right"
        >
          <nav
            className="menu horizontal"
          >
            <ul
              className="menu__list"
            >
              <li
                className="menu__list-item"
              >
                <a
                  className="menu__list-item-link"
                  href="/test/1/"
                >
                  Test label 1
                </a>
              </li>
              <li
                className="menu__list-item"
              >
                <a
                  className="menu__list-item-link"
                  href="/test/2/"
                >
                  Test label 2
                </a>
              </li>
              <li
                className="menu__list-item"
              >
                <a
                  className="menu__list-item-link"
                  href="/test/3/"
                >
                  Test label 3
                </a>
              </li>
            </ul>
          </nav>
        </div>
      </div>
    </div>
  </div>,
  <div
    className="layout"
  >
    <div
      className="post"
    >
      <div
        className="post__content"
      >
        <div
          className="content"
        >
          <h1
            className="content__title"
          >
            test
          </h1>
          <div
            className="content__highlight-first-char"
          >
            T
          </div>
          <div
            className="meta"
          >
            <p
              className="meta__date"
            >
              Sep 1, 2016
            </p>
          </div>
          <div
            className="content__body"
            dangerouslySetInnerHTML={
              Object {
                "__html": "<p>test</p>",
              }
            }
          />
        </div>
      </div>
      <div
        className="post__footer"
      >
        <div
          className="tags"
        >
          <ul
            className="tags__list"
          >
            <li
              className="tags__list-item"
            >
              <a
                className="tags__list-item-link"
                href="/test_0"
              >
                test_0
              </a>
            </li>
            <li
              className="tags__list-item"
            >
              <a
                className="tags__list-item-link"
                href="/test_1"
              >
                test_1
              </a>
            </li>
          </ul>
        </div>
        <div
          className="share"
        >
          <h4
            className="share-title"
          >
            SHARE THIS POST
          </h4>
          <div
            className="share-buttons"
          >
            <button
              aria-label="facebook"
              className="react-share__ShareButton facebook"
              onClick={[Function]}
              style={Object {}}
            >
              Facebook
            </button>
            <button
              aria-label="twitter"
              className="react-share__ShareButton twitter"
              onClick={[Function]}
              style={Object {}}
            >
              Twitter
            </button>
            <button
              aria-label="linkedin"
              className="react-share__ShareButton linkedin"
              onClick={[Function]}
              style={Object {}}
            >
              LinkedIn
            </button>
            <button
              aria-label="reddit"
              className="react-share__ShareButton reddit"
              onClick={[Function]}
              style={Object {}}
            >
              Reddit
            </button>
          </div>
        </div>
      </div>
    </div>
  </div>,
]
`;
