// Jest Snapshot v1, https://goo.gl/fbAQLP

exports[`Author renders correctly 1`] = `
<div
  className="author"
>
  <div
    className="author__main-section"
  >
    <a
      href="/"
    >
      <img
        alt="test"
        className="author__photo"
        src="/photo.jpg"
      />
    </a>
    <div
      className="author__title"
    >
      <h1>
        <a
          className="author__title-link"
          href="/"
        >
          test
        </a>
      </h1>
    </div>
  </div>
  <p
    className="author__subtitle"
    dangerouslySetInnerHTML={
      Object {
        "__html": "test",
      }
    }
  />
</div>
`;
